../Core/Src/main.c:81:5:main	40	static,ignoring_inline_asm
../Core/Src/main.c:175:6:SystemClock_Config	88	static
../Core/Src/main.c:223:13:MX_USART2_UART_Init	8	static
../Core/Src/main.c:256:13:MX_GPIO_Init	48	static
../Core/Src/main.c:292:13:task_1_Handler	16	static
../Core/Src/main.c:301:13:task_2_Handler	16	static
../Core/Src/main.c:320:6:StartDefaultTask	16	static
../Core/Src/main.c:339:6:HAL_TIM_PeriodElapsedCallback	16	static
../Core/Src/main.c:357:6:Error_Handler	4	static,ignoring_inline_asm
