17:13:55 **** Incremental Build of configuration Debug for project CustomRtoss_kernel ****
make -j16 all 
arm-none-eabi-gcc "../ThirdParty/FreeRTOS/portable/MemMang/heap_4.c" -mcpu=cortex-m4 -std=gnu11 -g3 -DDEBUG -DUSE_HAL_DRIVER -DSTM32F407xx -c -I../Core/Inc -I"D:/RND/STM/FreeRTOS/RTOS_workSpace/CustomRtoss_kernel/ThirdParty/FreeRTOS" -I"D:/RND/STM/FreeRTOS/RTOS_workSpace/CustomRtoss_kernel/ThirdParty/FreeRTOS/include" -I"D:/RND/STM/FreeRTOS/RTOS_workSpace/CustomRtoss_kernel/ThirdParty/FreeRTOS/portable/GCC/ARM_CM4F" -I../Drivers/STM32F4xx_HAL_Driver/Inc -I../Drivers/STM32F4xx_HAL_Driver/Inc/Legacy -I../Drivers/CMSIS/Device/ST/STM32F4xx/Include -I../Drivers/CMSIS/Include -O0 -ffunction-sections -fdata-sections -Wall -fstack-usage -fcyclomatic-complexity -MMD -MP -MF"ThirdParty/FreeRTOS/portable/MemMang/heap_4.d" -MT"ThirdParty/FreeRTOS/portable/MemMang/heap_4.o" --specs=nano.specs -mfpu=fpv4-sp-d16 -mfloat-abi=hard -mthumb -o "ThirdParty/FreeRTOS/portable/MemMang/heap_4.o"
arm-none-eabi-gcc "../ThirdParty/FreeRTOS/portable/GCC/ARM_CM4F/port.c" -mcpu=cortex-m4 -std=gnu11 -g3 -DDEBUG -DUSE_HAL_DRIVER -DSTM32F407xx -c -I../Core/Inc -I"D:/RND/STM/FreeRTOS/RTOS_workSpace/CustomRtoss_kernel/ThirdParty/FreeRTOS" -I"D:/RND/STM/FreeRTOS/RTOS_workSpace/CustomRtoss_kernel/ThirdParty/FreeRTOS/include" -I"D:/RND/STM/FreeRTOS/RTOS_workSpace/CustomRtoss_kernel/ThirdParty/FreeRTOS/portable/GCC/ARM_CM4F" -I../Drivers/STM32F4xx_HAL_Driver/Inc -I../Drivers/STM32F4xx_HAL_Driver/Inc/Legacy -I../Drivers/CMSIS/Device/ST/STM32F4xx/Include -I../Drivers/CMSIS/Include -O0 -ffunction-sections -fdata-sections -Wall -fstack-usage -fcyclomatic-complexity -MMD -MP -MF"ThirdParty/FreeRTOS/portable/GCC/ARM_CM4F/port.d" -MT"ThirdParty/FreeRTOS/portable/GCC/ARM_CM4F/port.o" --specs=nano.specs -mfpu=fpv4-sp-d16 -mfloat-abi=hard -mthumb -o "ThirdParty/FreeRTOS/portable/GCC/ARM_CM4F/port.o"
arm-none-eabi-gcc "../ThirdParty/FreeRTOS/croutine.c" -mcpu=cortex-m4 -std=gnu11 -g3 -DDEBUG -DUSE_HAL_DRIVER -DSTM32F407xx -c -I../Core/Inc -I"D:/RND/STM/FreeRTOS/RTOS_workSpace/CustomRtoss_kernel/ThirdParty/FreeRTOS" -I"D:/RND/STM/FreeRTOS/RTOS_workSpace/CustomRtoss_kernel/ThirdParty/FreeRTOS/include" -I"D:/RND/STM/FreeRTOS/RTOS_workSpace/CustomRtoss_kernel/ThirdParty/FreeRTOS/portable/GCC/ARM_CM4F" -I../Drivers/STM32F4xx_HAL_Driver/Inc -I../Drivers/STM32F4xx_HAL_Driver/Inc/Legacy -I../Drivers/CMSIS/Device/ST/STM32F4xx/Include -I../Drivers/CMSIS/Include -O0 -ffunction-sections -fdata-sections -Wall -fstack-usage -fcyclomatic-complexity -MMD -MP -MF"ThirdParty/FreeRTOS/croutine.d" -MT"ThirdParty/FreeRTOS/croutine.o" --specs=nano.specs -mfpu=fpv4-sp-d16 -mfloat-abi=hard -mthumb -o "ThirdParty/FreeRTOS/croutine.o"
arm-none-eabi-gcc "../ThirdParty/FreeRTOS/event_groups.c" -mcpu=cortex-m4 -std=gnu11 -g3 -DDEBUG -DUSE_HAL_DRIVER -DSTM32F407xx -c -I../Core/Inc -I"D:/RND/STM/FreeRTOS/RTOS_workSpace/CustomRtoss_kernel/ThirdParty/FreeRTOS" -I"D:/RND/STM/FreeRTOS/RTOS_workSpace/CustomRtoss_kernel/ThirdParty/FreeRTOS/include" -I"D:/RND/STM/FreeRTOS/RTOS_workSpace/CustomRtoss_kernel/ThirdParty/FreeRTOS/portable/GCC/ARM_CM4F" -I../Drivers/STM32F4xx_HAL_Driver/Inc -I../Drivers/STM32F4xx_HAL_Driver/Inc/Legacy -I../Drivers/CMSIS/Device/ST/STM32F4xx/Include -I../Drivers/CMSIS/Include -O0 -ffunction-sections -fdata-sections -Wall -fstack-usage -fcyclomatic-complexity -MMD -MP -MF"ThirdParty/FreeRTOS/event_groups.d" -MT"ThirdParty/FreeRTOS/event_groups.o" --specs=nano.specs -mfpu=fpv4-sp-d16 -mfloat-abi=hard -mthumb -o "ThirdParty/FreeRTOS/event_groups.o"
arm-none-eabi-gcc "../ThirdParty/FreeRTOS/list.c" -mcpu=cortex-m4 -std=gnu11 -g3 -DDEBUG -DUSE_HAL_DRIVER -DSTM32F407xx -c -I../Core/Inc -I"D:/RND/STM/FreeRTOS/RTOS_workSpace/CustomRtoss_kernel/ThirdParty/FreeRTOS" -I"D:/RND/STM/FreeRTOS/RTOS_workSpace/CustomRtoss_kernel/ThirdParty/FreeRTOS/include" -I"D:/RND/STM/FreeRTOS/RTOS_workSpace/CustomRtoss_kernel/ThirdParty/FreeRTOS/portable/GCC/ARM_CM4F" -I../Drivers/STM32F4xx_HAL_Driver/Inc -I../Drivers/STM32F4xx_HAL_Driver/Inc/Legacy -I../Drivers/CMSIS/Device/ST/STM32F4xx/Include -I../Drivers/CMSIS/Include -O0 -ffunction-sections -fdata-sections -Wall -fstack-usage -fcyclomatic-complexity -MMD -MP -MF"ThirdParty/FreeRTOS/list.d" -MT"ThirdParty/FreeRTOS/list.o" --specs=nano.specs -mfpu=fpv4-sp-d16 -mfloat-abi=hard -mthumb -o "ThirdParty/FreeRTOS/list.o"
arm-none-eabi-gcc "../ThirdParty/FreeRTOS/queue.c" -mcpu=cortex-m4 -std=gnu11 -g3 -DDEBUG -DUSE_HAL_DRIVER -DSTM32F407xx -c -I../Core/Inc -I"D:/RND/STM/FreeRTOS/RTOS_workSpace/CustomRtoss_kernel/ThirdParty/FreeRTOS" -I"D:/RND/STM/FreeRTOS/RTOS_workSpace/CustomRtoss_kernel/ThirdParty/FreeRTOS/include" -I"D:/RND/STM/FreeRTOS/RTOS_workSpace/CustomRtoss_kernel/ThirdParty/FreeRTOS/portable/GCC/ARM_CM4F" -I../Drivers/STM32F4xx_HAL_Driver/Inc -I../Drivers/STM32F4xx_HAL_Driver/Inc/Legacy -I../Drivers/CMSIS/Device/ST/STM32F4xx/Include -I../Drivers/CMSIS/Include -O0 -ffunction-sections -fdata-sections -Wall -fstack-usage -fcyclomatic-complexity -MMD -MP -MF"ThirdParty/FreeRTOS/queue.d" -MT"ThirdParty/FreeRTOS/queue.o" --specs=nano.specs -mfpu=fpv4-sp-d16 -mfloat-abi=hard -mthumb -o "ThirdParty/FreeRTOS/queue.o"
arm-none-eabi-gcc "../ThirdParty/FreeRTOS/stream_buffer.c" -mcpu=cortex-m4 -std=gnu11 -g3 -DDEBUG -DUSE_HAL_DRIVER -DSTM32F407xx -c -I../Core/Inc -I"D:/RND/STM/FreeRTOS/RTOS_workSpace/CustomRtoss_kernel/ThirdParty/FreeRTOS" -I"D:/RND/STM/FreeRTOS/RTOS_workSpace/CustomRtoss_kernel/ThirdParty/FreeRTOS/include" -I"D:/RND/STM/FreeRTOS/RTOS_workSpace/CustomRtoss_kernel/ThirdParty/FreeRTOS/portable/GCC/ARM_CM4F" -I../Drivers/STM32F4xx_HAL_Driver/Inc -I../Drivers/STM32F4xx_HAL_Driver/Inc/Legacy -I../Drivers/CMSIS/Device/ST/STM32F4xx/Include -I../Drivers/CMSIS/Include -O0 -ffunction-sections -fdata-sections -Wall -fstack-usage -fcyclomatic-complexity -MMD -MP -MF"ThirdParty/FreeRTOS/stream_buffer.d" -MT"ThirdParty/FreeRTOS/stream_buffer.o" --specs=nano.specs -mfpu=fpv4-sp-d16 -mfloat-abi=hard -mthumb -o "ThirdParty/FreeRTOS/stream_buffer.o"
arm-none-eabi-gcc "../ThirdParty/FreeRTOS/tasks.c" -mcpu=cortex-m4 -std=gnu11 -g3 -DDEBUG -DUSE_HAL_DRIVER -DSTM32F407xx -c -I../Core/Inc -I"D:/RND/STM/FreeRTOS/RTOS_workSpace/CustomRtoss_kernel/ThirdParty/FreeRTOS" -I"D:/RND/STM/FreeRTOS/RTOS_workSpace/CustomRtoss_kernel/ThirdParty/FreeRTOS/include" -I"D:/RND/STM/FreeRTOS/RTOS_workSpace/CustomRtoss_kernel/ThirdParty/FreeRTOS/portable/GCC/ARM_CM4F" -I../Drivers/STM32F4xx_HAL_Driver/Inc -I../Drivers/STM32F4xx_HAL_Driver/Inc/Legacy -I../Drivers/CMSIS/Device/ST/STM32F4xx/Include -I../Drivers/CMSIS/Include -O0 -ffunction-sections -fdata-sections -Wall -fstack-usage -fcyclomatic-complexity -MMD -MP -MF"ThirdParty/FreeRTOS/tasks.d" -MT"ThirdParty/FreeRTOS/tasks.o" --specs=nano.specs -mfpu=fpv4-sp-d16 -mfloat-abi=hard -mthumb -o "ThirdParty/FreeRTOS/tasks.o"
arm-none-eabi-gcc "../ThirdParty/FreeRTOS/timers.c" -mcpu=cortex-m4 -std=gnu11 -g3 -DDEBUG -DUSE_HAL_DRIVER -DSTM32F407xx -c -I../Core/Inc -I"D:/RND/STM/FreeRTOS/RTOS_workSpace/CustomRtoss_kernel/ThirdParty/FreeRTOS" -I"D:/RND/STM/FreeRTOS/RTOS_workSpace/CustomRtoss_kernel/ThirdParty/FreeRTOS/include" -I"D:/RND/STM/FreeRTOS/RTOS_workSpace/CustomRtoss_kernel/ThirdParty/FreeRTOS/portable/GCC/ARM_CM4F" -I../Drivers/STM32F4xx_HAL_Driver/Inc -I../Drivers/STM32F4xx_HAL_Driver/Inc/Legacy -I../Drivers/CMSIS/Device/ST/STM32F4xx/Include -I../Drivers/CMSIS/Include -O0 -ffunction-sections -fdata-sections -Wall -fstack-usage -fcyclomatic-complexity -MMD -MP -MF"ThirdParty/FreeRTOS/timers.d" -MT"ThirdParty/FreeRTOS/timers.o" --specs=nano.specs -mfpu=fpv4-sp-d16 -mfloat-abi=hard -mthumb -o "ThirdParty/FreeRTOS/timers.o"
arm-none-eabi-gcc -o "CustomRtoss_kernel.elf" @"objects.list"   -mcpu=cortex-m4 -T"D:\RND\STM\FreeRTOS\RTOS_workSpace\CustomRtoss_kernel\STM32F407VETX_FLASH.ld" --specs=nosys.specs -Wl,-Map="CustomRtoss_kernel.map" -Wl,--gc-sections -static --specs=nano.specs -mfpu=fpv4-sp-d16 -mfloat-abi=hard -mthumb -Wl,--start-group -lc -lm -Wl,--end-group
Finished building target: CustomRtoss_kernel.elf
 
arm-none-eabi-size  CustomRtoss_kernel.elf 
arm-none-eabi-objdump -h -S CustomRtoss_kernel.elf  > "CustomRtoss_kernel.list"
   text	   data	    bss	    dec	    hex	filename
   5652	     12	   1708	   7372	   1ccc	CustomRtoss_kernel.elf
Finished building: default.size.stdout
 
Finished building: CustomRtoss_kernel.list
 

17:13:56 Build Finished. 0 errors, 0 warnings. (took 1s.310ms)

