15:43:04 **** Incremental Build of configuration Debug for project CustomRtoss_kernel ****
make -j16 all 
arm-none-eabi-gcc "../ThirdParty/SEGGER/SEGGER/SEGGER_RTT.c" -mcpu=cortex-m4 -std=gnu11 -g3 -DDEBUG -DUSE_HAL_DRIVER -DSTM32F407xx -c -I../Core/Inc -I"D:/RND/STM/FreeRTOS/RTOS_workSpace/CustomRtoss_kernel/ThirdParty/SEGGER/Config" -I"D:/RND/STM/FreeRTOS/RTOS_workSpace/CustomRtoss_kernel/ThirdParty/SEGGER/OS" -I"D:/RND/STM/FreeRTOS/RTOS_workSpace/CustomRtoss_kernel/ThirdParty/SEGGER/SEGGER" -I"D:/RND/STM/FreeRTOS/RTOS_workSpace/CustomRtoss_kernel/ThirdParty/FreeRTOS" -I"D:/RND/STM/FreeRTOS/RTOS_workSpace/CustomRtoss_kernel/ThirdParty/FreeRTOS/include" -I"D:/RND/STM/FreeRTOS/RTOS_workSpace/CustomRtoss_kernel/ThirdParty/FreeRTOS/portable/GCC/ARM_CM4F" -I../Drivers/STM32F4xx_HAL_Driver/Inc -I../Drivers/STM32F4xx_HAL_Driver/Inc/Legacy -I../Drivers/CMSIS/Device/ST/STM32F4xx/Include -I../Drivers/CMSIS/Include -O0 -ffunction-sections -fdata-sections -Wall -fstack-usage -fcyclomatic-complexity -MMD -MP -MF"ThirdParty/SEGGER/SEGGER/SEGGER_RTT.d" -MT"ThirdParty/SEGGER/SEGGER/SEGGER_RTT.o" --specs=nano.specs -mfpu=fpv4-sp-d16 -mfloat-abi=hard -mthumb -o "ThirdParty/SEGGER/SEGGER/SEGGER_RTT.o"
arm-none-eabi-gcc -mcpu=cortex-m4 -g3 -DDEBUG -c -I"D:/RND/STM/FreeRTOS/RTOS_workSpace/CustomRtoss_kernel/ThirdParty/SEGGER/Config" -x assembler-with-cpp -MMD -MP -MF"ThirdParty/SEGGER/SEGGER/SEGGER_RTT_ASM_ARMv7M.d" -MT"ThirdParty/SEGGER/SEGGER/SEGGER_RTT_ASM_ARMv7M.o" --specs=nano.specs -mfpu=fpv4-sp-d16 -mfloat-abi=hard -mthumb -o "ThirdParty/SEGGER/SEGGER/SEGGER_RTT_ASM_ARMv7M.o" "../ThirdParty/SEGGER/SEGGER/SEGGER_RTT_ASM_ARMv7M.S"
arm-none-eabi-gcc "../ThirdParty/SEGGER/SEGGER/SEGGER_RTT_printf.c" -mcpu=cortex-m4 -std=gnu11 -g3 -DDEBUG -DUSE_HAL_DRIVER -DSTM32F407xx -c -I../Core/Inc -I"D:/RND/STM/FreeRTOS/RTOS_workSpace/CustomRtoss_kernel/ThirdParty/SEGGER/Config" -I"D:/RND/STM/FreeRTOS/RTOS_workSpace/CustomRtoss_kernel/ThirdParty/SEGGER/OS" -I"D:/RND/STM/FreeRTOS/RTOS_workSpace/CustomRtoss_kernel/ThirdParty/SEGGER/SEGGER" -I"D:/RND/STM/FreeRTOS/RTOS_workSpace/CustomRtoss_kernel/ThirdParty/FreeRTOS" -I"D:/RND/STM/FreeRTOS/RTOS_workSpace/CustomRtoss_kernel/ThirdParty/FreeRTOS/include" -I"D:/RND/STM/FreeRTOS/RTOS_workSpace/CustomRtoss_kernel/ThirdParty/FreeRTOS/portable/GCC/ARM_CM4F" -I../Drivers/STM32F4xx_HAL_Driver/Inc -I../Drivers/STM32F4xx_HAL_Driver/Inc/Legacy -I../Drivers/CMSIS/Device/ST/STM32F4xx/Include -I../Drivers/CMSIS/Include -O0 -ffunction-sections -fdata-sections -Wall -fstack-usage -fcyclomatic-complexity -MMD -MP -MF"ThirdParty/SEGGER/SEGGER/SEGGER_RTT_printf.d" -MT"ThirdParty/SEGGER/SEGGER/SEGGER_RTT_printf.o" --specs=nano.specs -mfpu=fpv4-sp-d16 -mfloat-abi=hard -mthumb -o "ThirdParty/SEGGER/SEGGER/SEGGER_RTT_printf.o"
arm-none-eabi-gcc "../ThirdParty/SEGGER/SEGGER/SEGGER_SYSVIEW.c" -mcpu=cortex-m4 -std=gnu11 -g3 -DDEBUG -DUSE_HAL_DRIVER -DSTM32F407xx -c -I../Core/Inc -I"D:/RND/STM/FreeRTOS/RTOS_workSpace/CustomRtoss_kernel/ThirdParty/SEGGER/Config" -I"D:/RND/STM/FreeRTOS/RTOS_workSpace/CustomRtoss_kernel/ThirdParty/SEGGER/OS" -I"D:/RND/STM/FreeRTOS/RTOS_workSpace/CustomRtoss_kernel/ThirdParty/SEGGER/SEGGER" -I"D:/RND/STM/FreeRTOS/RTOS_workSpace/CustomRtoss_kernel/ThirdParty/FreeRTOS" -I"D:/RND/STM/FreeRTOS/RTOS_workSpace/CustomRtoss_kernel/ThirdParty/FreeRTOS/include" -I"D:/RND/STM/FreeRTOS/RTOS_workSpace/CustomRtoss_kernel/ThirdParty/FreeRTOS/portable/GCC/ARM_CM4F" -I../Drivers/STM32F4xx_HAL_Driver/Inc -I../Drivers/STM32F4xx_HAL_Driver/Inc/Legacy -I../Drivers/CMSIS/Device/ST/STM32F4xx/Include -I../Drivers/CMSIS/Include -O0 -ffunction-sections -fdata-sections -Wall -fstack-usage -fcyclomatic-complexity -MMD -MP -MF"ThirdParty/SEGGER/SEGGER/SEGGER_SYSVIEW.d" -MT"ThirdParty/SEGGER/SEGGER/SEGGER_SYSVIEW.o" --specs=nano.specs -mfpu=fpv4-sp-d16 -mfloat-abi=hard -mthumb -o "ThirdParty/SEGGER/SEGGER/SEGGER_SYSVIEW.o"
arm-none-eabi-gcc -mcpu=cortex-m4 -g3 -DDEBUG -c -I"D:/RND/STM/FreeRTOS/RTOS_workSpace/CustomRtoss_kernel/ThirdParty/SEGGER/Config" -x assembler-with-cpp -MMD -MP -MF"Core/Startup/startup_stm32f407vetx.d" -MT"Core/Startup/startup_stm32f407vetx.o" --specs=nano.specs -mfpu=fpv4-sp-d16 -mfloat-abi=hard -mthumb -o "Core/Startup/startup_stm32f407vetx.o" "../Core/Startup/startup_stm32f407vetx.s"
arm-none-eabi-gcc "../Core/Src/main.c" -mcpu=cortex-m4 -std=gnu11 -g3 -DDEBUG -DUSE_HAL_DRIVER -DSTM32F407xx -c -I../Core/Inc -I"D:/RND/STM/FreeRTOS/RTOS_workSpace/CustomRtoss_kernel/ThirdParty/SEGGER/Config" -I"D:/RND/STM/FreeRTOS/RTOS_workSpace/CustomRtoss_kernel/ThirdParty/SEGGER/OS" -I"D:/RND/STM/FreeRTOS/RTOS_workSpace/CustomRtoss_kernel/ThirdParty/SEGGER/SEGGER" -I"D:/RND/STM/FreeRTOS/RTOS_workSpace/CustomRtoss_kernel/ThirdParty/FreeRTOS" -I"D:/RND/STM/FreeRTOS/RTOS_workSpace/CustomRtoss_kernel/ThirdParty/FreeRTOS/include" -I"D:/RND/STM/FreeRTOS/RTOS_workSpace/CustomRtoss_kernel/ThirdParty/FreeRTOS/portable/GCC/ARM_CM4F" -I../Drivers/STM32F4xx_HAL_Driver/Inc -I../Drivers/STM32F4xx_HAL_Driver/Inc/Legacy -I../Drivers/CMSIS/Device/ST/STM32F4xx/Include -I../Drivers/CMSIS/Include -O0 -ffunction-sections -fdata-sections -Wall -fstack-usage -fcyclomatic-complexity -MMD -MP -MF"Core/Src/main.d" -MT"Core/Src/main.o" --specs=nano.specs -mfpu=fpv4-sp-d16 -mfloat-abi=hard -mthumb -o "Core/Src/main.o"
arm-none-eabi-gcc "../Core/Src/stm32f4xx_hal_msp.c" -mcpu=cortex-m4 -std=gnu11 -g3 -DDEBUG -DUSE_HAL_DRIVER -DSTM32F407xx -c -I../Core/Inc -I"D:/RND/STM/FreeRTOS/RTOS_workSpace/CustomRtoss_kernel/ThirdParty/SEGGER/Config" -I"D:/RND/STM/FreeRTOS/RTOS_workSpace/CustomRtoss_kernel/ThirdParty/SEGGER/OS" -I"D:/RND/STM/FreeRTOS/RTOS_workSpace/CustomRtoss_kernel/ThirdParty/SEGGER/SEGGER" -I"D:/RND/STM/FreeRTOS/RTOS_workSpace/CustomRtoss_kernel/ThirdParty/FreeRTOS" -I"D:/RND/STM/FreeRTOS/RTOS_workSpace/CustomRtoss_kernel/ThirdParty/FreeRTOS/include" -I"D:/RND/STM/FreeRTOS/RTOS_workSpace/CustomRtoss_kernel/ThirdParty/FreeRTOS/portable/GCC/ARM_CM4F" -I../Drivers/STM32F4xx_HAL_Driver/Inc -I../Drivers/STM32F4xx_HAL_Driver/Inc/Legacy -I../Drivers/CMSIS/Device/ST/STM32F4xx/Include -I../Drivers/CMSIS/Include -O0 -ffunction-sections -fdata-sections -Wall -fstack-usage -fcyclomatic-complexity -MMD -MP -MF"Core/Src/stm32f4xx_hal_msp.d" -MT"Core/Src/stm32f4xx_hal_msp.o" --specs=nano.specs -mfpu=fpv4-sp-d16 -mfloat-abi=hard -mthumb -o "Core/Src/stm32f4xx_hal_msp.o"
arm-none-eabi-gcc -o "CustomRtoss_kernel.elf" @"objects.list"   -mcpu=cortex-m4 -T"D:\RND\STM\FreeRTOS\RTOS_workSpace\CustomRtoss_kernel\STM32F407VETX_FLASH.ld" --specs=nosys.specs -Wl,-Map="CustomRtoss_kernel.map" -Wl,--gc-sections -static --specs=nano.specs -mfpu=fpv4-sp-d16 -mfloat-abi=hard -mthumb -Wl,--start-group -lc -lm -Wl,--end-group
Finished building target: CustomRtoss_kernel.elf
 
arm-none-eabi-size  CustomRtoss_kernel.elf 
arm-none-eabi-objdump -h -S CustomRtoss_kernel.elf  > "CustomRtoss_kernel.list"
   text	   data	    bss	    dec	    hex	filename
  27660	    108	  84956	 112724	  1b854	CustomRtoss_kernel.elf
Finished building: default.size.stdout
 
Finished building: CustomRtoss_kernel.list
 
15:44:23 **** Incremental Build of configuration Debug for project CustomRtoss_kernel ****
make -j16 all 
arm-none-eabi-size  CustomRtoss_kernel.elf 
   text	   data	    bss	    dec	    hex	filename
  27660	    108	  84956	 112724	  1b854	CustomRtoss_kernel.elf
Finished building: default.size.stdout
 
15:47:31 **** Incremental Build of configuration Debug for project CustomRtoss_kernel ****
make -j16 all 
arm-none-eabi-size  CustomRtoss_kernel.elf 
   text	   data	    bss	    dec	    hex	filename
  27660	    108	  84956	 112724	  1b854	CustomRtoss_kernel.elf
Finished building: default.size.stdout
 
