15:57:14 **** Incremental Build of configuration Debug for project CustomRtoss_kernel ****
make -j16 all 
arm-none-eabi-size  CustomRtoss_kernel.elf 
   text	   data	    bss	    dec	    hex	filename
  29064	     96	  84952	 114112	  1bdc0	CustomRtoss_kernel.elf
Finished building: default.size.stdout
 
16:06:49 **** Incremental Build of configuration Debug for project CustomRtoss_kernel ****
make -j16 all 
arm-none-eabi-gcc "../ThirdParty/SEGGER/OS/SEGGER_SYSVIEW_FreeRTOS.c" -mcpu=cortex-m4 -std=gnu11 -g3 -DDEBUG -DUSE_HAL_DRIVER -DSTM32F407xx -c -I../Core/Inc -I"D:/RND/STM/FreeRTOS/RTOS_workSpace/CustomRtoss_kernel/ThirdParty/SEGGER/Config" -I"D:/RND/STM/FreeRTOS/RTOS_workSpace/CustomRtoss_kernel/ThirdParty/SEGGER/OS" -I"D:/RND/STM/FreeRTOS/RTOS_workSpace/CustomRtoss_kernel/ThirdParty/SEGGER/SEGGER" -I"D:/RND/STM/FreeRTOS/RTOS_workSpace/CustomRtoss_kernel/ThirdParty/FreeRTOS" -I"D:/RND/STM/FreeRTOS/RTOS_workSpace/CustomRtoss_kernel/ThirdParty/FreeRTOS/include" -I"D:/RND/STM/FreeRTOS/RTOS_workSpace/CustomRtoss_kernel/ThirdParty/FreeRTOS/portable/GCC/ARM_CM4F" -I../Drivers/STM32F4xx_HAL_Driver/Inc -I../Drivers/STM32F4xx_HAL_Driver/Inc/Legacy -I../Drivers/CMSIS/Device/ST/STM32F4xx/Include -I../Drivers/CMSIS/Include -O0 -ffunction-sections -fdata-sections -Wall -fstack-usage -fcyclomatic-complexity -MMD -MP -MF"ThirdParty/SEGGER/OS/SEGGER_SYSVIEW_FreeRTOS.d" -MT"ThirdParty/SEGGER/OS/SEGGER_SYSVIEW_FreeRTOS.o" --specs=nano.specs -mfpu=fpv4-sp-d16 -mfloat-abi=hard -mthumb -o "ThirdParty/SEGGER/OS/SEGGER_SYSVIEW_FreeRTOS.o"
arm-none-eabi-gcc "../ThirdParty/SEGGER/Config/SEGGER_SYSVIEW_Config_FreeRTOS.c" -mcpu=cortex-m4 -std=gnu11 -g3 -DDEBUG -DUSE_HAL_DRIVER -DSTM32F407xx -c -I../Core/Inc -I"D:/RND/STM/FreeRTOS/RTOS_workSpace/CustomRtoss_kernel/ThirdParty/SEGGER/Config" -I"D:/RND/STM/FreeRTOS/RTOS_workSpace/CustomRtoss_kernel/ThirdParty/SEGGER/OS" -I"D:/RND/STM/FreeRTOS/RTOS_workSpace/CustomRtoss_kernel/ThirdParty/SEGGER/SEGGER" -I"D:/RND/STM/FreeRTOS/RTOS_workSpace/CustomRtoss_kernel/ThirdParty/FreeRTOS" -I"D:/RND/STM/FreeRTOS/RTOS_workSpace/CustomRtoss_kernel/ThirdParty/FreeRTOS/include" -I"D:/RND/STM/FreeRTOS/RTOS_workSpace/CustomRtoss_kernel/ThirdParty/FreeRTOS/portable/GCC/ARM_CM4F" -I../Drivers/STM32F4xx_HAL_Driver/Inc -I../Drivers/STM32F4xx_HAL_Driver/Inc/Legacy -I../Drivers/CMSIS/Device/ST/STM32F4xx/Include -I../Drivers/CMSIS/Include -O0 -ffunction-sections -fdata-sections -Wall -fstack-usage -fcyclomatic-complexity -MMD -MP -MF"ThirdParty/SEGGER/Config/SEGGER_SYSVIEW_Config_FreeRTOS.d" -MT"ThirdParty/SEGGER/Config/SEGGER_SYSVIEW_Config_FreeRTOS.o" --specs=nano.specs -mfpu=fpv4-sp-d16 -mfloat-abi=hard -mthumb -o "ThirdParty/SEGGER/Config/SEGGER_SYSVIEW_Config_FreeRTOS.o"
arm-none-eabi-gcc "../ThirdParty/FreeRTOS/portable/MemMang/heap_4.c" -mcpu=cortex-m4 -std=gnu11 -g3 -DDEBUG -DUSE_HAL_DRIVER -DSTM32F407xx -c -I../Core/Inc -I"D:/RND/STM/FreeRTOS/RTOS_workSpace/CustomRtoss_kernel/ThirdParty/SEGGER/Config" -I"D:/RND/STM/FreeRTOS/RTOS_workSpace/CustomRtoss_kernel/ThirdParty/SEGGER/OS" -I"D:/RND/STM/FreeRTOS/RTOS_workSpace/CustomRtoss_kernel/ThirdParty/SEGGER/SEGGER" -I"D:/RND/STM/FreeRTOS/RTOS_workSpace/CustomRtoss_kernel/ThirdParty/FreeRTOS" -I"D:/RND/STM/FreeRTOS/RTOS_workSpace/CustomRtoss_kernel/ThirdParty/FreeRTOS/include" -I"D:/RND/STM/FreeRTOS/RTOS_workSpace/CustomRtoss_kernel/ThirdParty/FreeRTOS/portable/GCC/ARM_CM4F" -I../Drivers/STM32F4xx_HAL_Driver/Inc -I../Drivers/STM32F4xx_HAL_Driver/Inc/Legacy -I../Drivers/CMSIS/Device/ST/STM32F4xx/Include -I../Drivers/CMSIS/Include -O0 -ffunction-sections -fdata-sections -Wall -fstack-usage -fcyclomatic-complexity -MMD -MP -MF"ThirdParty/FreeRTOS/portable/MemMang/heap_4.d" -MT"ThirdParty/FreeRTOS/portable/MemMang/heap_4.o" --specs=nano.specs -mfpu=fpv4-sp-d16 -mfloat-abi=hard -mthumb -o "ThirdParty/FreeRTOS/portable/MemMang/heap_4.o"
arm-none-eabi-gcc "../ThirdParty/FreeRTOS/portable/GCC/ARM_CM4F/port.c" -mcpu=cortex-m4 -std=gnu11 -g3 -DDEBUG -DUSE_HAL_DRIVER -DSTM32F407xx -c -I../Core/Inc -I"D:/RND/STM/FreeRTOS/RTOS_workSpace/CustomRtoss_kernel/ThirdParty/SEGGER/Config" -I"D:/RND/STM/FreeRTOS/RTOS_workSpace/CustomRtoss_kernel/ThirdParty/SEGGER/OS" -I"D:/RND/STM/FreeRTOS/RTOS_workSpace/CustomRtoss_kernel/ThirdParty/SEGGER/SEGGER" -I"D:/RND/STM/FreeRTOS/RTOS_workSpace/CustomRtoss_kernel/ThirdParty/FreeRTOS" -I"D:/RND/STM/FreeRTOS/RTOS_workSpace/CustomRtoss_kernel/ThirdParty/FreeRTOS/include" -I"D:/RND/STM/FreeRTOS/RTOS_workSpace/CustomRtoss_kernel/ThirdParty/FreeRTOS/portable/GCC/ARM_CM4F" -I../Drivers/STM32F4xx_HAL_Driver/Inc -I../Drivers/STM32F4xx_HAL_Driver/Inc/Legacy -I../Drivers/CMSIS/Device/ST/STM32F4xx/Include -I../Drivers/CMSIS/Include -O0 -ffunction-sections -fdata-sections -Wall -fstack-usage -fcyclomatic-complexity -MMD -MP -MF"ThirdParty/FreeRTOS/portable/GCC/ARM_CM4F/port.d" -MT"ThirdParty/FreeRTOS/portable/GCC/ARM_CM4F/port.o" --specs=nano.specs -mfpu=fpv4-sp-d16 -mfloat-abi=hard -mthumb -o "ThirdParty/FreeRTOS/portable/GCC/ARM_CM4F/port.o"
arm-none-eabi-gcc "../ThirdParty/FreeRTOS/croutine.c" -mcpu=cortex-m4 -std=gnu11 -g3 -DDEBUG -DUSE_HAL_DRIVER -DSTM32F407xx -c -I../Core/Inc -I"D:/RND/STM/FreeRTOS/RTOS_workSpace/CustomRtoss_kernel/ThirdParty/SEGGER/Config" -I"D:/RND/STM/FreeRTOS/RTOS_workSpace/CustomRtoss_kernel/ThirdParty/SEGGER/OS" -I"D:/RND/STM/FreeRTOS/RTOS_workSpace/CustomRtoss_kernel/ThirdParty/SEGGER/SEGGER" -I"D:/RND/STM/FreeRTOS/RTOS_workSpace/CustomRtoss_kernel/ThirdParty/FreeRTOS" -I"D:/RND/STM/FreeRTOS/RTOS_workSpace/CustomRtoss_kernel/ThirdParty/FreeRTOS/include" -I"D:/RND/STM/FreeRTOS/RTOS_workSpace/CustomRtoss_kernel/ThirdParty/FreeRTOS/portable/GCC/ARM_CM4F" -I../Drivers/STM32F4xx_HAL_Driver/Inc -I../Drivers/STM32F4xx_HAL_Driver/Inc/Legacy -I../Drivers/CMSIS/Device/ST/STM32F4xx/Include -I../Drivers/CMSIS/Include -O0 -ffunction-sections -fdata-sections -Wall -fstack-usage -fcyclomatic-complexity -MMD -MP -MF"ThirdParty/FreeRTOS/croutine.d" -MT"ThirdParty/FreeRTOS/croutine.o" --specs=nano.specs -mfpu=fpv4-sp-d16 -mfloat-abi=hard -mthumb -o "ThirdParty/FreeRTOS/croutine.o"
arm-none-eabi-gcc "../ThirdParty/FreeRTOS/event_groups.c" -mcpu=cortex-m4 -std=gnu11 -g3 -DDEBUG -DUSE_HAL_DRIVER -DSTM32F407xx -c -I../Core/Inc -I"D:/RND/STM/FreeRTOS/RTOS_workSpace/CustomRtoss_kernel/ThirdParty/SEGGER/Config" -I"D:/RND/STM/FreeRTOS/RTOS_workSpace/CustomRtoss_kernel/ThirdParty/SEGGER/OS" -I"D:/RND/STM/FreeRTOS/RTOS_workSpace/CustomRtoss_kernel/ThirdParty/SEGGER/SEGGER" -I"D:/RND/STM/FreeRTOS/RTOS_workSpace/CustomRtoss_kernel/ThirdParty/FreeRTOS" -I"D:/RND/STM/FreeRTOS/RTOS_workSpace/CustomRtoss_kernel/ThirdParty/FreeRTOS/include" -I"D:/RND/STM/FreeRTOS/RTOS_workSpace/CustomRtoss_kernel/ThirdParty/FreeRTOS/portable/GCC/ARM_CM4F" -I../Drivers/STM32F4xx_HAL_Driver/Inc -I../Drivers/STM32F4xx_HAL_Driver/Inc/Legacy -I../Drivers/CMSIS/Device/ST/STM32F4xx/Include -I../Drivers/CMSIS/Include -O0 -ffunction-sections -fdata-sections -Wall -fstack-usage -fcyclomatic-complexity -MMD -MP -MF"ThirdParty/FreeRTOS/event_groups.d" -MT"ThirdParty/FreeRTOS/event_groups.o" --specs=nano.specs -mfpu=fpv4-sp-d16 -mfloat-abi=hard -mthumb -o "ThirdParty/FreeRTOS/event_groups.o"
arm-none-eabi-gcc "../ThirdParty/FreeRTOS/list.c" -mcpu=cortex-m4 -std=gnu11 -g3 -DDEBUG -DUSE_HAL_DRIVER -DSTM32F407xx -c -I../Core/Inc -I"D:/RND/STM/FreeRTOS/RTOS_workSpace/CustomRtoss_kernel/ThirdParty/SEGGER/Config" -I"D:/RND/STM/FreeRTOS/RTOS_workSpace/CustomRtoss_kernel/ThirdParty/SEGGER/OS" -I"D:/RND/STM/FreeRTOS/RTOS_workSpace/CustomRtoss_kernel/ThirdParty/SEGGER/SEGGER" -I"D:/RND/STM/FreeRTOS/RTOS_workSpace/CustomRtoss_kernel/ThirdParty/FreeRTOS" -I"D:/RND/STM/FreeRTOS/RTOS_workSpace/CustomRtoss_kernel/ThirdParty/FreeRTOS/include" -I"D:/RND/STM/FreeRTOS/RTOS_workSpace/CustomRtoss_kernel/ThirdParty/FreeRTOS/portable/GCC/ARM_CM4F" -I../Drivers/STM32F4xx_HAL_Driver/Inc -I../Drivers/STM32F4xx_HAL_Driver/Inc/Legacy -I../Drivers/CMSIS/Device/ST/STM32F4xx/Include -I../Drivers/CMSIS/Include -O0 -ffunction-sections -fdata-sections -Wall -fstack-usage -fcyclomatic-complexity -MMD -MP -MF"ThirdParty/FreeRTOS/list.d" -MT"ThirdParty/FreeRTOS/list.o" --specs=nano.specs -mfpu=fpv4-sp-d16 -mfloat-abi=hard -mthumb -o "ThirdParty/FreeRTOS/list.o"
arm-none-eabi-gcc "../ThirdParty/FreeRTOS/queue.c" -mcpu=cortex-m4 -std=gnu11 -g3 -DDEBUG -DUSE_HAL_DRIVER -DSTM32F407xx -c -I../Core/Inc -I"D:/RND/STM/FreeRTOS/RTOS_workSpace/CustomRtoss_kernel/ThirdParty/SEGGER/Config" -I"D:/RND/STM/FreeRTOS/RTOS_workSpace/CustomRtoss_kernel/ThirdParty/SEGGER/OS" -I"D:/RND/STM/FreeRTOS/RTOS_workSpace/CustomRtoss_kernel/ThirdParty/SEGGER/SEGGER" -I"D:/RND/STM/FreeRTOS/RTOS_workSpace/CustomRtoss_kernel/ThirdParty/FreeRTOS" -I"D:/RND/STM/FreeRTOS/RTOS_workSpace/CustomRtoss_kernel/ThirdParty/FreeRTOS/include" -I"D:/RND/STM/FreeRTOS/RTOS_workSpace/CustomRtoss_kernel/ThirdParty/FreeRTOS/portable/GCC/ARM_CM4F" -I../Drivers/STM32F4xx_HAL_Driver/Inc -I../Drivers/STM32F4xx_HAL_Driver/Inc/Legacy -I../Drivers/CMSIS/Device/ST/STM32F4xx/Include -I../Drivers/CMSIS/Include -O0 -ffunction-sections -fdata-sections -Wall -fstack-usage -fcyclomatic-complexity -MMD -MP -MF"ThirdParty/FreeRTOS/queue.d" -MT"ThirdParty/FreeRTOS/queue.o" --specs=nano.specs -mfpu=fpv4-sp-d16 -mfloat-abi=hard -mthumb -o "ThirdParty/FreeRTOS/queue.o"
arm-none-eabi-gcc "../ThirdParty/FreeRTOS/stream_buffer.c" -mcpu=cortex-m4 -std=gnu11 -g3 -DDEBUG -DUSE_HAL_DRIVER -DSTM32F407xx -c -I../Core/Inc -I"D:/RND/STM/FreeRTOS/RTOS_workSpace/CustomRtoss_kernel/ThirdParty/SEGGER/Config" -I"D:/RND/STM/FreeRTOS/RTOS_workSpace/CustomRtoss_kernel/ThirdParty/SEGGER/OS" -I"D:/RND/STM/FreeRTOS/RTOS_workSpace/CustomRtoss_kernel/ThirdParty/SEGGER/SEGGER" -I"D:/RND/STM/FreeRTOS/RTOS_workSpace/CustomRtoss_kernel/ThirdParty/FreeRTOS" -I"D:/RND/STM/FreeRTOS/RTOS_workSpace/CustomRtoss_kernel/ThirdParty/FreeRTOS/include" -I"D:/RND/STM/FreeRTOS/RTOS_workSpace/CustomRtoss_kernel/ThirdParty/FreeRTOS/portable/GCC/ARM_CM4F" -I../Drivers/STM32F4xx_HAL_Driver/Inc -I../Drivers/STM32F4xx_HAL_Driver/Inc/Legacy -I../Drivers/CMSIS/Device/ST/STM32F4xx/Include -I../Drivers/CMSIS/Include -O0 -ffunction-sections -fdata-sections -Wall -fstack-usage -fcyclomatic-complexity -MMD -MP -MF"ThirdParty/FreeRTOS/stream_buffer.d" -MT"ThirdParty/FreeRTOS/stream_buffer.o" --specs=nano.specs -mfpu=fpv4-sp-d16 -mfloat-abi=hard -mthumb -o "ThirdParty/FreeRTOS/stream_buffer.o"
arm-none-eabi-gcc "../ThirdParty/FreeRTOS/tasks.c" -mcpu=cortex-m4 -std=gnu11 -g3 -DDEBUG -DUSE_HAL_DRIVER -DSTM32F407xx -c -I../Core/Inc -I"D:/RND/STM/FreeRTOS/RTOS_workSpace/CustomRtoss_kernel/ThirdParty/SEGGER/Config" -I"D:/RND/STM/FreeRTOS/RTOS_workSpace/CustomRtoss_kernel/ThirdParty/SEGGER/OS" -I"D:/RND/STM/FreeRTOS/RTOS_workSpace/CustomRtoss_kernel/ThirdParty/SEGGER/SEGGER" -I"D:/RND/STM/FreeRTOS/RTOS_workSpace/CustomRtoss_kernel/ThirdParty/FreeRTOS" -I"D:/RND/STM/FreeRTOS/RTOS_workSpace/CustomRtoss_kernel/ThirdParty/FreeRTOS/include" -I"D:/RND/STM/FreeRTOS/RTOS_workSpace/CustomRtoss_kernel/ThirdParty/FreeRTOS/portable/GCC/ARM_CM4F" -I../Drivers/STM32F4xx_HAL_Driver/Inc -I../Drivers/STM32F4xx_HAL_Driver/Inc/Legacy -I../Drivers/CMSIS/Device/ST/STM32F4xx/Include -I../Drivers/CMSIS/Include -O0 -ffunction-sections -fdata-sections -Wall -fstack-usage -fcyclomatic-complexity -MMD -MP -MF"ThirdParty/FreeRTOS/tasks.d" -MT"ThirdParty/FreeRTOS/tasks.o" --specs=nano.specs -mfpu=fpv4-sp-d16 -mfloat-abi=hard -mthumb -o "ThirdParty/FreeRTOS/tasks.o"
arm-none-eabi-gcc "../ThirdParty/FreeRTOS/timers.c" -mcpu=cortex-m4 -std=gnu11 -g3 -DDEBUG -DUSE_HAL_DRIVER -DSTM32F407xx -c -I../Core/Inc -I"D:/RND/STM/FreeRTOS/RTOS_workSpace/CustomRtoss_kernel/ThirdParty/SEGGER/Config" -I"D:/RND/STM/FreeRTOS/RTOS_workSpace/CustomRtoss_kernel/ThirdParty/SEGGER/OS" -I"D:/RND/STM/FreeRTOS/RTOS_workSpace/CustomRtoss_kernel/ThirdParty/SEGGER/SEGGER" -I"D:/RND/STM/FreeRTOS/RTOS_workSpace/CustomRtoss_kernel/ThirdParty/FreeRTOS" -I"D:/RND/STM/FreeRTOS/RTOS_workSpace/CustomRtoss_kernel/ThirdParty/FreeRTOS/include" -I"D:/RND/STM/FreeRTOS/RTOS_workSpace/CustomRtoss_kernel/ThirdParty/FreeRTOS/portable/GCC/ARM_CM4F" -I../Drivers/STM32F4xx_HAL_Driver/Inc -I../Drivers/STM32F4xx_HAL_Driver/Inc/Legacy -I../Drivers/CMSIS/Device/ST/STM32F4xx/Include -I../Drivers/CMSIS/Include -O0 -ffunction-sections -fdata-sections -Wall -fstack-usage -fcyclomatic-complexity -MMD -MP -MF"ThirdParty/FreeRTOS/timers.d" -MT"ThirdParty/FreeRTOS/timers.o" --specs=nano.specs -mfpu=fpv4-sp-d16 -mfloat-abi=hard -mthumb -o "ThirdParty/FreeRTOS/timers.o"
arm-none-eabi-gcc "../Core/Src/main.c" -mcpu=cortex-m4 -std=gnu11 -g3 -DDEBUG -DUSE_HAL_DRIVER -DSTM32F407xx -c -I../Core/Inc -I"D:/RND/STM/FreeRTOS/RTOS_workSpace/CustomRtoss_kernel/ThirdParty/SEGGER/Config" -I"D:/RND/STM/FreeRTOS/RTOS_workSpace/CustomRtoss_kernel/ThirdParty/SEGGER/OS" -I"D:/RND/STM/FreeRTOS/RTOS_workSpace/CustomRtoss_kernel/ThirdParty/SEGGER/SEGGER" -I"D:/RND/STM/FreeRTOS/RTOS_workSpace/CustomRtoss_kernel/ThirdParty/FreeRTOS" -I"D:/RND/STM/FreeRTOS/RTOS_workSpace/CustomRtoss_kernel/ThirdParty/FreeRTOS/include" -I"D:/RND/STM/FreeRTOS/RTOS_workSpace/CustomRtoss_kernel/ThirdParty/FreeRTOS/portable/GCC/ARM_CM4F" -I../Drivers/STM32F4xx_HAL_Driver/Inc -I../Drivers/STM32F4xx_HAL_Driver/Inc/Legacy -I../Drivers/CMSIS/Device/ST/STM32F4xx/Include -I../Drivers/CMSIS/Include -O0 -ffunction-sections -fdata-sections -Wall -fstack-usage -fcyclomatic-complexity -MMD -MP -MF"Core/Src/main.d" -MT"Core/Src/main.o" --specs=nano.specs -mfpu=fpv4-sp-d16 -mfloat-abi=hard -mthumb -o "Core/Src/main.o"
arm-none-eabi-gcc "../Core/Src/stm32f4xx_hal_msp.c" -mcpu=cortex-m4 -std=gnu11 -g3 -DDEBUG -DUSE_HAL_DRIVER -DSTM32F407xx -c -I../Core/Inc -I"D:/RND/STM/FreeRTOS/RTOS_workSpace/CustomRtoss_kernel/ThirdParty/SEGGER/Config" -I"D:/RND/STM/FreeRTOS/RTOS_workSpace/CustomRtoss_kernel/ThirdParty/SEGGER/OS" -I"D:/RND/STM/FreeRTOS/RTOS_workSpace/CustomRtoss_kernel/ThirdParty/SEGGER/SEGGER" -I"D:/RND/STM/FreeRTOS/RTOS_workSpace/CustomRtoss_kernel/ThirdParty/FreeRTOS" -I"D:/RND/STM/FreeRTOS/RTOS_workSpace/CustomRtoss_kernel/ThirdParty/FreeRTOS/include" -I"D:/RND/STM/FreeRTOS/RTOS_workSpace/CustomRtoss_kernel/ThirdParty/FreeRTOS/portable/GCC/ARM_CM4F" -I../Drivers/STM32F4xx_HAL_Driver/Inc -I../Drivers/STM32F4xx_HAL_Driver/Inc/Legacy -I../Drivers/CMSIS/Device/ST/STM32F4xx/Include -I../Drivers/CMSIS/Include -O0 -ffunction-sections -fdata-sections -Wall -fstack-usage -fcyclomatic-complexity -MMD -MP -MF"Core/Src/stm32f4xx_hal_msp.d" -MT"Core/Src/stm32f4xx_hal_msp.o" --specs=nano.specs -mfpu=fpv4-sp-d16 -mfloat-abi=hard -mthumb -o "Core/Src/stm32f4xx_hal_msp.o"
../Core/Src/main.c: In function 'task_1_Handler':
../Core/Src/main.c:175:14: warning: unused variable 'msg' [-Wunused-variable]
  175 |         char msg[100];
      |              ^~~
../Core/Src/main.c: In function 'task_2_Handler':
../Core/Src/main.c:191:14: warning: unused variable 'msg' [-Wunused-variable]
  191 |         char msg[100];
      |              ^~~
arm-none-eabi-gcc -o "CustomRtoss_kernel.elf" @"objects.list"   -mcpu=cortex-m4 -T"D:\RND\STM\FreeRTOS\RTOS_workSpace\CustomRtoss_kernel\STM32F407VETX_FLASH.ld" --specs=nosys.specs -Wl,-Map="CustomRtoss_kernel.map" -Wl,--gc-sections -static --specs=nano.specs -mfpu=fpv4-sp-d16 -mfloat-abi=hard -mthumb -Wl,--start-group -lc -lm -Wl,--end-group
Finished building target: CustomRtoss_kernel.elf
 
arm-none-eabi-size  CustomRtoss_kernel.elf 
arm-none-eabi-objdump -h -S CustomRtoss_kernel.elf  > "CustomRtoss_kernel.list"
   text	   data	    bss	    dec	    hex	filename
  27420	    108	  84956	 112484	  1b764	CustomRtoss_kernel.elf
Finished building: default.size.stdout
 
Finished building: CustomRtoss_kernel.list
 
16:08:59 **** Incremental Build of configuration Debug for project CustomRtoss_kernel ****
make -j16 all 
arm-none-eabi-gcc "../Core/Src/main.c" -mcpu=cortex-m4 -std=gnu11 -g3 -DDEBUG -DUSE_HAL_DRIVER -DSTM32F407xx -c -I../Core/Inc -I"D:/RND/STM/FreeRTOS/RTOS_workSpace/CustomRtoss_kernel/ThirdParty/SEGGER/Config" -I"D:/RND/STM/FreeRTOS/RTOS_workSpace/CustomRtoss_kernel/ThirdParty/SEGGER/OS" -I"D:/RND/STM/FreeRTOS/RTOS_workSpace/CustomRtoss_kernel/ThirdParty/SEGGER/SEGGER" -I"D:/RND/STM/FreeRTOS/RTOS_workSpace/CustomRtoss_kernel/ThirdParty/FreeRTOS" -I"D:/RND/STM/FreeRTOS/RTOS_workSpace/CustomRtoss_kernel/ThirdParty/FreeRTOS/include" -I"D:/RND/STM/FreeRTOS/RTOS_workSpace/CustomRtoss_kernel/ThirdParty/FreeRTOS/portable/GCC/ARM_CM4F" -I../Drivers/STM32F4xx_HAL_Driver/Inc -I../Drivers/STM32F4xx_HAL_Driver/Inc/Legacy -I../Drivers/CMSIS/Device/ST/STM32F4xx/Include -I../Drivers/CMSIS/Include -O0 -ffunction-sections -fdata-sections -Wall -fstack-usage -fcyclomatic-complexity -MMD -MP -MF"Core/Src/main.d" -MT"Core/Src/main.o" --specs=nano.specs -mfpu=fpv4-sp-d16 -mfloat-abi=hard -mthumb -o "Core/Src/main.o"
../Core/Src/main.c: In function 'task_1_Handler':
../Core/Src/main.c:175:14: warning: unused variable 'msg' [-Wunused-variable]
  175 |         char msg[100];
      |              ^~~
../Core/Src/main.c: In function 'task_2_Handler':
../Core/Src/main.c:191:14: warning: unused variable 'msg' [-Wunused-variable]
  191 |         char msg[100];
      |              ^~~
arm-none-eabi-gcc -o "CustomRtoss_kernel.elf" @"objects.list"   -mcpu=cortex-m4 -T"D:\RND\STM\FreeRTOS\RTOS_workSpace\CustomRtoss_kernel\STM32F407VETX_FLASH.ld" --specs=nosys.specs -Wl,-Map="CustomRtoss_kernel.map" -Wl,--gc-sections -static --specs=nano.specs -mfpu=fpv4-sp-d16 -mfloat-abi=hard -mthumb -Wl,--start-group -lc -lm -Wl,--end-group
Finished building target: CustomRtoss_kernel.elf
 
arm-none-eabi-size  CustomRtoss_kernel.elf 
arm-none-eabi-objdump -h -S CustomRtoss_kernel.elf  > "CustomRtoss_kernel.list"
   text	   data	    bss	    dec	    hex	filename
  27468	    108	  84956	 112532	  1b794	CustomRtoss_kernel.elf
Finished building: default.size.stdout
 
Finished building: CustomRtoss_kernel.list
 
16:15:48 **** Incremental Build of configuration Debug for project CustomRtoss_kernel ****
make -j16 all 
arm-none-eabi-gcc "../Core/Src/main.c" -mcpu=cortex-m4 -std=gnu11 -g3 -DDEBUG -DUSE_HAL_DRIVER -DSTM32F407xx -c -I../Core/Inc -I"D:/RND/STM/FreeRTOS/RTOS_workSpace/CustomRtoss_kernel/ThirdParty/SEGGER/Config" -I"D:/RND/STM/FreeRTOS/RTOS_workSpace/CustomRtoss_kernel/ThirdParty/SEGGER/OS" -I"D:/RND/STM/FreeRTOS/RTOS_workSpace/CustomRtoss_kernel/ThirdParty/SEGGER/SEGGER" -I"D:/RND/STM/FreeRTOS/RTOS_workSpace/CustomRtoss_kernel/ThirdParty/FreeRTOS" -I"D:/RND/STM/FreeRTOS/RTOS_workSpace/CustomRtoss_kernel/ThirdParty/FreeRTOS/include" -I"D:/RND/STM/FreeRTOS/RTOS_workSpace/CustomRtoss_kernel/ThirdParty/FreeRTOS/portable/GCC/ARM_CM4F" -I../Drivers/STM32F4xx_HAL_Driver/Inc -I../Drivers/STM32F4xx_HAL_Driver/Inc/Legacy -I../Drivers/CMSIS/Device/ST/STM32F4xx/Include -I../Drivers/CMSIS/Include -O0 -ffunction-sections -fdata-sections -Wall -fstack-usage -fcyclomatic-complexity -MMD -MP -MF"Core/Src/main.d" -MT"Core/Src/main.o" --specs=nano.specs -mfpu=fpv4-sp-d16 -mfloat-abi=hard -mthumb -o "Core/Src/main.o"
arm-none-eabi-gcc -o "CustomRtoss_kernel.elf" @"objects.list"   -mcpu=cortex-m4 -T"D:\RND\STM\FreeRTOS\RTOS_workSpace\CustomRtoss_kernel\STM32F407VETX_FLASH.ld" --specs=nosys.specs -Wl,-Map="CustomRtoss_kernel.map" -Wl,--gc-sections -static --specs=nano.specs -mfpu=fpv4-sp-d16 -mfloat-abi=hard -mthumb -Wl,--start-group -lc -lm -Wl,--end-group
Finished building target: CustomRtoss_kernel.elf
 
arm-none-eabi-size  CustomRtoss_kernel.elf 
arm-none-eabi-objdump -h -S CustomRtoss_kernel.elf  > "CustomRtoss_kernel.list"
   text	   data	    bss	    dec	    hex	filename
  28824	     96	  84952	 113872	  1bcd0	CustomRtoss_kernel.elf
Finished building: default.size.stdout
 
Finished building: CustomRtoss_kernel.list
 
16:18:53 **** Incremental Build of configuration Debug for project CustomRtoss_kernel ****
make -j16 all 
arm-none-eabi-size  CustomRtoss_kernel.elf 
   text	   data	    bss	    dec	    hex	filename
  28824	     96	  84952	 113872	  1bcd0	CustomRtoss_kernel.elf
Finished building: default.size.stdout
 
